// Jest Snapshot v1, https://goo.gl/fbAQLP

exports[`@processor: service checks * theme map expected 1`] = `
Object {
  "Radio": Object {
    "custom": Object {
      "borderColor": "gray-primary",
      "borderWidth": 3,
      "highlightColor": "transparent",
      "highlightSize": 67,
      "innerSize": 33,
      "selectColor": "transparent",
      "size": 55,
    },
    "custom.active": Object {
      "borderColor": "gray-dark",
      "borderWidth": 3,
      "highlightColor": "gray-light",
      "highlightSize": 67,
      "innerSize": 33,
      "selectColor": "transparent",
      "size": 55,
    },
    "custom.big": Object {
      "borderColor": "gray-primary",
      "borderWidth": 3,
      "highlightColor": "transparent",
      "highlightSize": 60,
      "innerSize": 34,
      "selectColor": "transparent",
      "size": 66,
    },
    "custom.big.active": Object {
      "borderColor": "gray-dark",
      "borderWidth": 3,
      "highlightColor": "gray-light",
      "highlightSize": 60,
      "innerSize": 34,
      "selectColor": "transparent",
      "size": 66,
      "testToken": "test-token",
    },
    "custom.big.checked": Object {
      "borderColor": "blue-test1",
      "borderWidth": 3,
      "highlightColor": "transparent",
      "highlightSize": 60,
      "innerSize": 34,
      "selectColor": "blue-primary",
      "size": 66,
    },
    "custom.big.checked.active": Object {
      "borderColor": "blue-dark",
      "borderWidth": 3,
      "highlightColor": "gray-light",
      "highlightSize": 60,
      "innerSize": 34,
      "selectColor": "blue-primary",
      "size": 66,
      "testToken": "test-token",
    },
    "custom.big.checked.disabled": Object {
      "borderColor": "gray-light",
      "borderWidth": 3,
      "highlightColor": "transparent",
      "highlightSize": 60,
      "innerSize": 34,
      "selectColor": "gray-primary",
      "size": 66,
    },
    "custom.big.checked.disabled.active": Object {
      "borderColor": "blue-dark",
      "borderWidth": 3,
      "highlightColor": "gray-light",
      "highlightSize": 60,
      "innerSize": 34,
      "selectColor": "gray-primary",
      "size": 66,
      "testToken": "test-token",
    },
    "custom.big.disabled": Object {
      "borderColor": "gray-light",
      "borderWidth": 3,
      "highlightColor": "transparent",
      "highlightSize": 60,
      "innerSize": 34,
      "selectColor": "transparent",
      "size": 66,
    },
    "custom.big.disabled.active": Object {
      "borderColor": "gray-dark",
      "borderWidth": 3,
      "highlightColor": "gray-light",
      "highlightSize": 60,
      "innerSize": 34,
      "selectColor": "transparent",
      "size": 66,
      "testToken": "test-token",
    },
    "custom.checked": Object {
      "borderColor": "blue-test1",
      "borderWidth": 3,
      "highlightColor": "transparent",
      "highlightSize": 67,
      "innerSize": 33,
      "selectColor": "blue-primary",
      "size": 55,
    },
    "custom.checked.active": Object {
      "borderColor": "blue-dark",
      "borderWidth": 3,
      "highlightColor": "gray-light",
      "highlightSize": 67,
      "innerSize": 33,
      "selectColor": "blue-primary",
      "size": 55,
    },
    "custom.checked.disabled": Object {
      "borderColor": "gray-light",
      "borderWidth": 3,
      "highlightColor": "transparent",
      "highlightSize": 67,
      "innerSize": 33,
      "selectColor": "gray-primary",
      "size": 55,
    },
    "custom.checked.disabled.active": Object {
      "borderColor": "blue-dark",
      "borderWidth": 3,
      "highlightColor": "gray-light",
      "highlightSize": 67,
      "innerSize": 33,
      "selectColor": "gray-primary",
      "size": 55,
    },
    "custom.disabled": Object {
      "borderColor": "gray-light",
      "borderWidth": 3,
      "highlightColor": "transparent",
      "highlightSize": 67,
      "innerSize": 33,
      "selectColor": "transparent",
      "size": 55,
    },
    "custom.disabled.active": Object {
      "borderColor": "gray-dark",
      "borderWidth": 3,
      "highlightColor": "gray-light",
      "highlightSize": 67,
      "innerSize": 33,
      "selectColor": "transparent",
      "size": 55,
    },
    "custom.error": Object {
      "borderColor": "pink-primary",
      "borderWidth": 3,
      "highlightColor": "transparent",
      "highlightSize": 67,
      "innerSize": 33,
      "selectColor": "transparent",
      "size": 55,
    },
    "custom.error.active": Object {
      "borderColor": "gray-dark",
      "borderWidth": 3,
      "highlightColor": "gray-light",
      "highlightSize": 67,
      "innerSize": 33,
      "selectColor": "transparent",
      "size": 55,
    },
    "custom.error.big": Object {
      "borderColor": "pink-primary",
      "borderWidth": 3,
      "highlightColor": "transparent",
      "highlightSize": 60,
      "innerSize": 34,
      "selectColor": "transparent",
      "size": 66,
    },
    "custom.error.big.active": Object {
      "borderColor": "gray-dark",
      "borderWidth": 3,
      "highlightColor": "gray-light",
      "highlightSize": 60,
      "innerSize": 34,
      "selectColor": "transparent",
      "size": 66,
      "testToken": "test-token",
    },
    "custom.error.big.checked": Object {
      "borderColor": "pink-primary",
      "borderWidth": 3,
      "highlightColor": "transparent",
      "highlightSize": 60,
      "innerSize": 34,
      "selectColor": "pink-primary",
      "size": 66,
    },
    "custom.error.big.checked.active": Object {
      "borderColor": "pink-primary",
      "borderWidth": 3,
      "highlightColor": "gray-light",
      "highlightSize": 60,
      "innerSize": 34,
      "selectColor": "pink-primary",
      "size": 66,
      "testToken": "test-token",
    },
    "custom.error.big.checked.disabled": Object {
      "borderColor": "gray-light",
      "borderWidth": 3,
      "highlightColor": "transparent",
      "highlightSize": 60,
      "innerSize": 34,
      "selectColor": "gray-primary",
      "size": 66,
    },
    "custom.error.big.checked.disabled.active": Object {
      "borderColor": "pink-primary",
      "borderWidth": 3,
      "highlightColor": "gray-light",
      "highlightSize": 60,
      "innerSize": 34,
      "selectColor": "gray-primary",
      "size": 66,
      "testToken": "test-token",
    },
    "custom.error.big.disabled": Object {
      "borderColor": "gray-light",
      "borderWidth": 3,
      "highlightColor": "transparent",
      "highlightSize": 60,
      "innerSize": 34,
      "selectColor": "transparent",
      "size": 66,
    },
    "custom.error.big.disabled.active": Object {
      "borderColor": "gray-dark",
      "borderWidth": 3,
      "highlightColor": "gray-light",
      "highlightSize": 60,
      "innerSize": 34,
      "selectColor": "transparent",
      "size": 66,
      "testToken": "test-token",
    },
    "custom.error.checked": Object {
      "borderColor": "pink-primary",
      "borderWidth": 3,
      "highlightColor": "transparent",
      "highlightSize": 67,
      "innerSize": 33,
      "selectColor": "pink-primary",
      "size": 55,
    },
    "custom.error.checked.active": Object {
      "borderColor": "pink-primary",
      "borderWidth": 3,
      "highlightColor": "gray-light",
      "highlightSize": 67,
      "innerSize": 33,
      "selectColor": "pink-primary",
      "size": 55,
    },
    "custom.error.checked.disabled": Object {
      "borderColor": "gray-light",
      "borderWidth": 3,
      "highlightColor": "transparent",
      "highlightSize": 67,
      "innerSize": 33,
      "selectColor": "gray-primary",
      "size": 55,
    },
    "custom.error.checked.disabled.active": Object {
      "borderColor": "pink-primary",
      "borderWidth": 3,
      "highlightColor": "gray-light",
      "highlightSize": 67,
      "innerSize": 33,
      "selectColor": "gray-primary",
      "size": 55,
    },
    "custom.error.disabled": Object {
      "borderColor": "gray-light",
      "borderWidth": 3,
      "highlightColor": "transparent",
      "highlightSize": 67,
      "innerSize": 33,
      "selectColor": "transparent",
      "size": 55,
    },
    "custom.error.disabled.active": Object {
      "borderColor": "gray-dark",
      "borderWidth": 3,
      "highlightColor": "gray-light",
      "highlightSize": 67,
      "innerSize": 33,
      "selectColor": "transparent",
      "size": 55,
    },
    "custom.error.small": Object {
      "borderColor": "pink-primary",
      "borderWidth": 3,
      "highlightColor": "transparent",
      "highlightSize": 50,
      "innerSize": 20,
      "selectColor": "transparent",
      "size": 30,
    },
    "custom.error.small.active": Object {
      "borderColor": "gray-dark",
      "borderWidth": 3,
      "highlightColor": "gray-light",
      "highlightSize": 50,
      "innerSize": 20,
      "selectColor": "transparent",
      "size": 30,
    },
    "custom.error.small.checked": Object {
      "borderColor": "pink-primary",
      "borderWidth": 3,
      "highlightColor": "transparent",
      "highlightSize": 50,
      "innerSize": 20,
      "selectColor": "blue-test",
      "size": 30,
    },
    "custom.error.small.checked.active": Object {
      "borderColor": "pink-primary",
      "borderWidth": 3,
      "highlightColor": "gray-light",
      "highlightSize": 50,
      "innerSize": 20,
      "selectColor": "blue-test",
      "size": 30,
    },
    "custom.error.small.checked.disabled": Object {
      "borderColor": "gray-light",
      "borderWidth": 3,
      "highlightColor": "transparent",
      "highlightSize": 50,
      "innerSize": 20,
      "selectColor": "gray-primary",
      "size": 30,
    },
    "custom.error.small.checked.disabled.active": Object {
      "borderColor": "pink-primary",
      "borderWidth": 3,
      "highlightColor": "gray-light",
      "highlightSize": 50,
      "innerSize": 20,
      "selectColor": "gray-primary",
      "size": 30,
    },
    "custom.error.small.disabled": Object {
      "borderColor": "gray-light",
      "borderWidth": 3,
      "highlightColor": "transparent",
      "highlightSize": 50,
      "innerSize": 20,
      "selectColor": "transparent",
      "size": 30,
    },
    "custom.error.small.disabled.active": Object {
      "borderColor": "gray-dark",
      "borderWidth": 3,
      "highlightColor": "gray-light",
      "highlightSize": 50,
      "innerSize": 20,
      "selectColor": "transparent",
      "size": 30,
    },
    "custom.small": Object {
      "borderColor": "gray-primary",
      "borderWidth": 3,
      "highlightColor": "transparent",
      "highlightSize": 50,
      "innerSize": 20,
      "selectColor": "transparent",
      "size": 30,
    },
    "custom.small.active": Object {
      "borderColor": "gray-dark",
      "borderWidth": 3,
      "highlightColor": "gray-light",
      "highlightSize": 50,
      "innerSize": 20,
      "selectColor": "transparent",
      "size": 30,
    },
    "custom.small.checked": Object {
      "borderColor": "blue-test1",
      "borderWidth": 3,
      "highlightColor": "transparent",
      "highlightSize": 50,
      "innerSize": 20,
      "selectColor": "blue-test",
      "size": 30,
    },
    "custom.small.checked.active": Object {
      "borderColor": "blue-dark",
      "borderWidth": 3,
      "highlightColor": "gray-light",
      "highlightSize": 50,
      "innerSize": 20,
      "selectColor": "blue-test",
      "size": 30,
    },
    "custom.small.checked.disabled": Object {
      "borderColor": "gray-light",
      "borderWidth": 3,
      "highlightColor": "transparent",
      "highlightSize": 50,
      "innerSize": 20,
      "selectColor": "gray-primary",
      "size": 30,
    },
    "custom.small.checked.disabled.active": Object {
      "borderColor": "blue-dark",
      "borderWidth": 3,
      "highlightColor": "gray-light",
      "highlightSize": 50,
      "innerSize": 20,
      "selectColor": "gray-primary",
      "size": 30,
    },
    "custom.small.disabled": Object {
      "borderColor": "gray-light",
      "borderWidth": 3,
      "highlightColor": "transparent",
      "highlightSize": 50,
      "innerSize": 20,
      "selectColor": "transparent",
      "size": 30,
    },
    "custom.small.disabled.active": Object {
      "borderColor": "gray-dark",
      "borderWidth": 3,
      "highlightColor": "gray-light",
      "highlightSize": 50,
      "innerSize": 20,
      "selectColor": "transparent",
      "size": 30,
    },
    "default": Object {
      "borderColor": "gray-primary",
      "borderWidth": 2,
      "highlightColor": "transparent",
      "highlightSize": 60,
      "innerSize": 24,
      "selectColor": "transparent",
      "size": 36,
    },
    "default.active": Object {
      "borderColor": "gray-dark",
      "borderWidth": 2,
      "highlightColor": "gray-light",
      "highlightSize": 60,
      "innerSize": 24,
      "selectColor": "transparent",
      "size": 36,
    },
    "default.big": Object {
      "borderColor": "gray-primary",
      "borderWidth": 2,
      "highlightColor": "transparent",
      "highlightSize": 70,
      "innerSize": 28,
      "selectColor": "transparent",
      "size": 42,
    },
    "default.big.active": Object {
      "borderColor": "gray-dark",
      "borderWidth": 2,
      "highlightColor": "gray-light",
      "highlightSize": 70,
      "innerSize": 28,
      "selectColor": "transparent",
      "size": 42,
    },
    "default.big.checked": Object {
      "borderColor": "blue-primary",
      "borderWidth": 2,
      "highlightColor": "transparent",
      "highlightSize": 70,
      "innerSize": 28,
      "selectColor": "blue-primary",
      "size": 42,
    },
    "default.big.checked.active": Object {
      "borderColor": "blue-dark",
      "borderWidth": 2,
      "highlightColor": "gray-light",
      "highlightSize": 70,
      "innerSize": 28,
      "selectColor": "blue-primary",
      "size": 42,
    },
    "default.big.checked.disabled": Object {
      "borderColor": "gray-light",
      "borderWidth": 2,
      "highlightColor": "transparent",
      "highlightSize": 70,
      "innerSize": 28,
      "selectColor": "gray-primary",
      "size": 42,
    },
    "default.big.checked.disabled.active": Object {
      "borderColor": "blue-dark",
      "borderWidth": 2,
      "highlightColor": "gray-light",
      "highlightSize": 70,
      "innerSize": 28,
      "selectColor": "gray-primary",
      "size": 42,
    },
    "default.big.disabled": Object {
      "borderColor": "gray-light",
      "borderWidth": 2,
      "highlightColor": "transparent",
      "highlightSize": 70,
      "innerSize": 28,
      "selectColor": "transparent",
      "size": 42,
    },
    "default.big.disabled.active": Object {
      "borderColor": "gray-dark",
      "borderWidth": 2,
      "highlightColor": "gray-light",
      "highlightSize": 70,
      "innerSize": 28,
      "selectColor": "transparent",
      "size": 42,
    },
    "default.checked": Object {
      "borderColor": "blue-primary",
      "borderWidth": 2,
      "highlightColor": "transparent",
      "highlightSize": 60,
      "innerSize": 24,
      "selectColor": "blue-primary",
      "size": 36,
    },
    "default.checked.active": Object {
      "borderColor": "blue-dark",
      "borderWidth": 2,
      "highlightColor": "gray-light",
      "highlightSize": 60,
      "innerSize": 24,
      "selectColor": "blue-primary",
      "size": 36,
    },
    "default.checked.disabled": Object {
      "borderColor": "gray-light",
      "borderWidth": 2,
      "highlightColor": "transparent",
      "highlightSize": 60,
      "innerSize": 24,
      "selectColor": "gray-primary",
      "size": 36,
    },
    "default.checked.disabled.active": Object {
      "borderColor": "blue-dark",
      "borderWidth": 2,
      "highlightColor": "gray-light",
      "highlightSize": 60,
      "innerSize": 24,
      "selectColor": "gray-primary",
      "size": 36,
    },
    "default.disabled": Object {
      "borderColor": "gray-light",
      "borderWidth": 2,
      "highlightColor": "transparent",
      "highlightSize": 60,
      "innerSize": 24,
      "selectColor": "transparent",
      "size": 36,
    },
    "default.disabled.active": Object {
      "borderColor": "gray-dark",
      "borderWidth": 2,
      "highlightColor": "gray-light",
      "highlightSize": 60,
      "innerSize": 24,
      "selectColor": "transparent",
      "size": 36,
    },
    "default.error": Object {
      "borderColor": "pink-primary",
      "borderWidth": 2,
      "highlightColor": "transparent",
      "highlightSize": 60,
      "innerSize": 24,
      "selectColor": "transparent",
      "size": 36,
    },
    "default.error.active": Object {
      "borderColor": "gray-dark",
      "borderWidth": 2,
      "highlightColor": "gray-light",
      "highlightSize": 60,
      "innerSize": 24,
      "selectColor": "transparent",
      "size": 36,
    },
    "default.error.big": Object {
      "borderColor": "pink-primary",
      "borderWidth": 2,
      "highlightColor": "transparent",
      "highlightSize": 70,
      "innerSize": 28,
      "selectColor": "transparent",
      "size": 42,
    },
    "default.error.big.active": Object {
      "borderColor": "gray-dark",
      "borderWidth": 2,
      "highlightColor": "gray-light",
      "highlightSize": 70,
      "innerSize": 28,
      "selectColor": "transparent",
      "size": 42,
    },
    "default.error.big.checked": Object {
      "borderColor": "pink-primary",
      "borderWidth": 2,
      "highlightColor": "transparent",
      "highlightSize": 70,
      "innerSize": 28,
      "selectColor": "pink-primary",
      "size": 42,
    },
    "default.error.big.checked.active": Object {
      "borderColor": "pink-primary",
      "borderWidth": 2,
      "highlightColor": "gray-light",
      "highlightSize": 70,
      "innerSize": 28,
      "selectColor": "pink-primary",
      "size": 42,
    },
    "default.error.big.checked.disabled": Object {
      "borderColor": "gray-light",
      "borderWidth": 2,
      "highlightColor": "transparent",
      "highlightSize": 70,
      "innerSize": 28,
      "selectColor": "gray-primary",
      "size": 42,
    },
    "default.error.big.checked.disabled.active": Object {
      "borderColor": "pink-primary",
      "borderWidth": 2,
      "highlightColor": "gray-light",
      "highlightSize": 70,
      "innerSize": 28,
      "selectColor": "gray-primary",
      "size": 42,
    },
    "default.error.big.disabled": Object {
      "borderColor": "gray-light",
      "borderWidth": 2,
      "highlightColor": "transparent",
      "highlightSize": 70,
      "innerSize": 28,
      "selectColor": "transparent",
      "size": 42,
    },
    "default.error.big.disabled.active": Object {
      "borderColor": "gray-dark",
      "borderWidth": 2,
      "highlightColor": "gray-light",
      "highlightSize": 70,
      "innerSize": 28,
      "selectColor": "transparent",
      "size": 42,
    },
    "default.error.checked": Object {
      "borderColor": "pink-primary",
      "borderWidth": 2,
      "highlightColor": "transparent",
      "highlightSize": 60,
      "innerSize": 24,
      "selectColor": "pink-primary",
      "size": 36,
    },
    "default.error.checked.active": Object {
      "borderColor": "pink-primary",
      "borderWidth": 2,
      "highlightColor": "gray-light",
      "highlightSize": 60,
      "innerSize": 24,
      "selectColor": "pink-primary",
      "size": 36,
    },
    "default.error.checked.disabled": Object {
      "borderColor": "gray-light",
      "borderWidth": 2,
      "highlightColor": "transparent",
      "highlightSize": 60,
      "innerSize": 24,
      "selectColor": "gray-primary",
      "size": 36,
    },
    "default.error.checked.disabled.active": Object {
      "borderColor": "pink-primary",
      "borderWidth": 2,
      "highlightColor": "gray-light",
      "highlightSize": 60,
      "innerSize": 24,
      "selectColor": "gray-primary",
      "size": 36,
    },
    "default.error.disabled": Object {
      "borderColor": "gray-light",
      "borderWidth": 2,
      "highlightColor": "transparent",
      "highlightSize": 60,
      "innerSize": 24,
      "selectColor": "transparent",
      "size": 36,
    },
    "default.error.disabled.active": Object {
      "borderColor": "gray-dark",
      "borderWidth": 2,
      "highlightColor": "gray-light",
      "highlightSize": 60,
      "innerSize": 24,
      "selectColor": "transparent",
      "size": 36,
    },
    "default.error.small": Object {
      "borderColor": "pink-primary",
      "borderWidth": 2,
      "highlightColor": "transparent",
      "highlightSize": 50,
      "innerSize": 20,
      "selectColor": "transparent",
      "size": 30,
    },
    "default.error.small.active": Object {
      "borderColor": "gray-dark",
      "borderWidth": 2,
      "highlightColor": "gray-light",
      "highlightSize": 50,
      "innerSize": 20,
      "selectColor": "transparent",
      "size": 30,
    },
    "default.error.small.checked": Object {
      "borderColor": "pink-primary",
      "borderWidth": 2,
      "highlightColor": "transparent",
      "highlightSize": 50,
      "innerSize": 20,
      "selectColor": "pink-primary",
      "size": 30,
    },
    "default.error.small.checked.active": Object {
      "borderColor": "pink-primary",
      "borderWidth": 2,
      "highlightColor": "gray-light",
      "highlightSize": 50,
      "innerSize": 20,
      "selectColor": "pink-primary",
      "size": 30,
    },
    "default.error.small.checked.disabled": Object {
      "borderColor": "gray-light",
      "borderWidth": 2,
      "highlightColor": "transparent",
      "highlightSize": 50,
      "innerSize": 20,
      "selectColor": "gray-primary",
      "size": 30,
    },
    "default.error.small.checked.disabled.active": Object {
      "borderColor": "pink-primary",
      "borderWidth": 2,
      "highlightColor": "gray-light",
      "highlightSize": 50,
      "innerSize": 20,
      "selectColor": "gray-primary",
      "size": 30,
    },
    "default.error.small.disabled": Object {
      "borderColor": "gray-light",
      "borderWidth": 2,
      "highlightColor": "transparent",
      "highlightSize": 50,
      "innerSize": 20,
      "selectColor": "transparent",
      "size": 30,
    },
    "default.error.small.disabled.active": Object {
      "borderColor": "gray-dark",
      "borderWidth": 2,
      "highlightColor": "gray-light",
      "highlightSize": 50,
      "innerSize": 20,
      "selectColor": "transparent",
      "size": 30,
    },
    "default.small": Object {
      "borderColor": "gray-primary",
      "borderWidth": 2,
      "highlightColor": "transparent",
      "highlightSize": 50,
      "innerSize": 20,
      "selectColor": "transparent",
      "size": 30,
    },
    "default.small.active": Object {
      "borderColor": "gray-dark",
      "borderWidth": 2,
      "highlightColor": "gray-light",
      "highlightSize": 50,
      "innerSize": 20,
      "selectColor": "transparent",
      "size": 30,
    },
    "default.small.checked": Object {
      "borderColor": "blue-primary",
      "borderWidth": 2,
      "highlightColor": "transparent",
      "highlightSize": 50,
      "innerSize": 20,
      "selectColor": "blue-primary",
      "size": 30,
    },
    "default.small.checked.active": Object {
      "borderColor": "blue-dark",
      "borderWidth": 2,
      "highlightColor": "gray-light",
      "highlightSize": 50,
      "innerSize": 20,
      "selectColor": "blue-primary",
      "size": 30,
    },
    "default.small.checked.disabled": Object {
      "borderColor": "gray-light",
      "borderWidth": 2,
      "highlightColor": "transparent",
      "highlightSize": 50,
      "innerSize": 20,
      "selectColor": "gray-primary",
      "size": 30,
    },
    "default.small.checked.disabled.active": Object {
      "borderColor": "blue-dark",
      "borderWidth": 2,
      "highlightColor": "gray-light",
      "highlightSize": 50,
      "innerSize": 20,
      "selectColor": "gray-primary",
      "size": 30,
    },
    "default.small.disabled": Object {
      "borderColor": "gray-light",
      "borderWidth": 2,
      "highlightColor": "transparent",
      "highlightSize": 50,
      "innerSize": 20,
      "selectColor": "transparent",
      "size": 30,
    },
    "default.small.disabled.active": Object {
      "borderColor": "gray-dark",
      "borderWidth": 2,
      "highlightColor": "gray-light",
      "highlightSize": 50,
      "innerSize": 20,
      "selectColor": "transparent",
      "size": 30,
    },
    "meta": Object {
      "states": Array [
        "checked",
        "disabled",
        "active",
      ],
      "variants": Object {
        "size": Array [
          "small",
          "big",
        ],
        "status": Array [
          "error",
        ],
      },
    },
  },
}
`;

exports[`@processor: service checks * theme map unexpected 1`] = `
Object {
  "Test": Object {
    "custom": Object {},
    "custom.active": Object {},
    "custom.big": Object {},
    "custom.big.active": Object {},
    "custom.big.checked": Object {},
    "custom.big.checked.active": Object {},
    "custom.big.checked.disabled": Object {},
    "custom.big.checked.disabled.active": Object {},
    "custom.big.disabled": Object {},
    "custom.big.disabled.active": Object {},
    "custom.checked": Object {},
    "custom.checked.active": Object {},
    "custom.checked.disabled": Object {},
    "custom.checked.disabled.active": Object {},
    "custom.disabled": Object {},
    "custom.disabled.active": Object {},
    "custom.error": Object {},
    "custom.error.active": Object {},
    "custom.error.big": Object {},
    "custom.error.big.active": Object {},
    "custom.error.big.checked": Object {},
    "custom.error.big.checked.active": Object {},
    "custom.error.big.checked.disabled": Object {},
    "custom.error.big.checked.disabled.active": Object {},
    "custom.error.big.disabled": Object {},
    "custom.error.big.disabled.active": Object {},
    "custom.error.checked": Object {},
    "custom.error.checked.active": Object {},
    "custom.error.checked.disabled": Object {},
    "custom.error.checked.disabled.active": Object {},
    "custom.error.disabled": Object {},
    "custom.error.disabled.active": Object {},
    "custom.error.small": Object {},
    "custom.error.small.active": Object {},
    "custom.error.small.checked": Object {},
    "custom.error.small.checked.active": Object {},
    "custom.error.small.checked.disabled": Object {},
    "custom.error.small.checked.disabled.active": Object {},
    "custom.error.small.disabled": Object {},
    "custom.error.small.disabled.active": Object {},
    "custom.info": Object {},
    "custom.info.active": Object {},
    "custom.info.big": Object {},
    "custom.info.big.active": Object {},
    "custom.info.big.checked": Object {},
    "custom.info.big.checked.active": Object {},
    "custom.info.big.checked.disabled": Object {},
    "custom.info.big.checked.disabled.active": Object {},
    "custom.info.big.disabled": Object {},
    "custom.info.big.disabled.active": Object {},
    "custom.info.checked": Object {},
    "custom.info.checked.active": Object {},
    "custom.info.checked.disabled": Object {},
    "custom.info.checked.disabled.active": Object {},
    "custom.info.disabled": Object {},
    "custom.info.disabled.active": Object {},
    "custom.info.small": Object {},
    "custom.info.small.active": Object {},
    "custom.info.small.checked": Object {},
    "custom.info.small.checked.active": Object {},
    "custom.info.small.checked.disabled": Object {},
    "custom.info.small.checked.disabled.active": Object {},
    "custom.info.small.disabled": Object {},
    "custom.info.small.disabled.active": Object {},
    "custom.small": Object {},
    "custom.small.active": Object {},
    "custom.small.checked": Object {},
    "custom.small.checked.active": Object {},
    "custom.small.checked.disabled": Object {},
    "custom.small.checked.disabled.active": Object {},
    "custom.small.disabled": Object {},
    "custom.small.disabled.active": Object {},
    "default": Object {},
    "default.active": Object {},
    "default.big": Object {},
    "default.big.active": Object {},
    "default.big.checked": Object {},
    "default.big.checked.active": Object {},
    "default.big.checked.disabled": Object {},
    "default.big.checked.disabled.active": Object {},
    "default.big.disabled": Object {},
    "default.big.disabled.active": Object {},
    "default.checked": Object {},
    "default.checked.active": Object {},
    "default.checked.disabled": Object {},
    "default.checked.disabled.active": Object {},
    "default.disabled": Object {},
    "default.disabled.active": Object {},
    "default.error": Object {},
    "default.error.active": Object {},
    "default.error.big": Object {},
    "default.error.big.active": Object {},
    "default.error.big.checked": Object {},
    "default.error.big.checked.active": Object {},
    "default.error.big.checked.disabled": Object {},
    "default.error.big.checked.disabled.active": Object {},
    "default.error.big.disabled": Object {},
    "default.error.big.disabled.active": Object {},
    "default.error.checked": Object {},
    "default.error.checked.active": Object {},
    "default.error.checked.disabled": Object {},
    "default.error.checked.disabled.active": Object {},
    "default.error.disabled": Object {},
    "default.error.disabled.active": Object {},
    "default.error.small": Object {},
    "default.error.small.active": Object {},
    "default.error.small.checked": Object {},
    "default.error.small.checked.active": Object {},
    "default.error.small.checked.disabled": Object {},
    "default.error.small.checked.disabled.active": Object {},
    "default.error.small.disabled": Object {},
    "default.error.small.disabled.active": Object {},
    "default.info": Object {},
    "default.info.active": Object {},
    "default.info.big": Object {},
    "default.info.big.active": Object {},
    "default.info.big.checked": Object {},
    "default.info.big.checked.active": Object {},
    "default.info.big.checked.disabled": Object {},
    "default.info.big.checked.disabled.active": Object {},
    "default.info.big.disabled": Object {},
    "default.info.big.disabled.active": Object {},
    "default.info.checked": Object {},
    "default.info.checked.active": Object {},
    "default.info.checked.disabled": Object {},
    "default.info.checked.disabled.active": Object {},
    "default.info.disabled": Object {},
    "default.info.disabled.active": Object {},
    "default.info.small": Object {},
    "default.info.small.active": Object {},
    "default.info.small.checked": Object {},
    "default.info.small.checked.active": Object {},
    "default.info.small.checked.disabled": Object {},
    "default.info.small.checked.disabled.active": Object {},
    "default.info.small.disabled": Object {},
    "default.info.small.disabled.active": Object {},
    "default.small": Object {},
    "default.small.active": Object {},
    "default.small.checked": Object {},
    "default.small.checked.active": Object {},
    "default.small.checked.disabled": Object {},
    "default.small.checked.disabled.active": Object {},
    "default.small.disabled": Object {},
    "default.small.disabled.active": Object {},
    "meta": Object {
      "states": undefined,
      "variants": undefined,
    },
    "superCustom": Object {},
    "superCustom.active": Object {},
    "superCustom.big": Object {},
    "superCustom.big.active": Object {},
    "superCustom.big.checked": Object {},
    "superCustom.big.checked.active": Object {},
    "superCustom.big.checked.disabled": Object {},
    "superCustom.big.checked.disabled.active": Object {},
    "superCustom.big.disabled": Object {},
    "superCustom.big.disabled.active": Object {},
    "superCustom.checked": Object {},
    "superCustom.checked.active": Object {},
    "superCustom.checked.disabled": Object {},
    "superCustom.checked.disabled.active": Object {},
    "superCustom.disabled": Object {},
    "superCustom.disabled.active": Object {},
    "superCustom.error": Object {},
    "superCustom.error.active": Object {},
    "superCustom.error.big": Object {},
    "superCustom.error.big.active": Object {},
    "superCustom.error.big.checked": Object {},
    "superCustom.error.big.checked.active": Object {},
    "superCustom.error.big.checked.disabled": Object {},
    "superCustom.error.big.checked.disabled.active": Object {},
    "superCustom.error.big.disabled": Object {},
    "superCustom.error.big.disabled.active": Object {},
    "superCustom.error.checked": Object {},
    "superCustom.error.checked.active": Object {},
    "superCustom.error.checked.disabled": Object {},
    "superCustom.error.checked.disabled.active": Object {},
    "superCustom.error.disabled": Object {},
    "superCustom.error.disabled.active": Object {},
    "superCustom.error.small": Object {},
    "superCustom.error.small.active": Object {},
    "superCustom.error.small.checked": Object {},
    "superCustom.error.small.checked.active": Object {},
    "superCustom.error.small.checked.disabled": Object {},
    "superCustom.error.small.checked.disabled.active": Object {},
    "superCustom.error.small.disabled": Object {},
    "superCustom.error.small.disabled.active": Object {},
    "superCustom.info": Object {},
    "superCustom.info.active": Object {},
    "superCustom.info.big": Object {},
    "superCustom.info.big.active": Object {},
    "superCustom.info.big.checked": Object {},
    "superCustom.info.big.checked.active": Object {},
    "superCustom.info.big.checked.disabled": Object {},
    "superCustom.info.big.checked.disabled.active": Object {},
    "superCustom.info.big.disabled": Object {},
    "superCustom.info.big.disabled.active": Object {},
    "superCustom.info.checked": Object {},
    "superCustom.info.checked.active": Object {},
    "superCustom.info.checked.disabled": Object {},
    "superCustom.info.checked.disabled.active": Object {},
    "superCustom.info.disabled": Object {},
    "superCustom.info.disabled.active": Object {},
    "superCustom.info.small": Object {},
    "superCustom.info.small.active": Object {},
    "superCustom.info.small.checked": Object {},
    "superCustom.info.small.checked.active": Object {},
    "superCustom.info.small.checked.disabled": Object {},
    "superCustom.info.small.checked.disabled.active": Object {},
    "superCustom.info.small.disabled": Object {},
    "superCustom.info.small.disabled.active": Object {},
    "superCustom.small": Object {},
    "superCustom.small.active": Object {},
    "superCustom.small.checked": Object {},
    "superCustom.small.checked.active": Object {},
    "superCustom.small.checked.disabled": Object {},
    "superCustom.small.checked.disabled.active": Object {},
    "superCustom.small.disabled": Object {},
    "superCustom.small.disabled.active": Object {},
  },
}
`;
